mode: count
github.com/bgyss/c4/cmd/c4/flags.go:23.13,28.22 2 1
github.com/bgyss/c4/cmd/c4/flags.go:28.22,31.3 2 0
github.com/bgyss/c4/cmd/c4/flags.go:32.2,40.162 7 1
github.com/bgyss/c4/cmd/c4/id.go:14.35,17.16 3 9
github.com/bgyss/c4/cmd/c4/id.go:17.16,18.13 1 0
github.com/bgyss/c4/cmd/c4/id.go:20.2,20.15 1 9
github.com/bgyss/c4/cmd/c4/id.go:23.38,27.16 3 7
github.com/bgyss/c4/cmd/c4/id.go:27.16,30.3 2 0
github.com/bgyss/c4/cmd/c4/id.go:31.2,33.8 3 7
github.com/bgyss/c4/cmd/c4/id.go:36.22,40.2 3 2
github.com/bgyss/c4/cmd/c4/id.go:42.25,43.42 1 3
github.com/bgyss/c4/cmd/c4/id.go:43.42,45.3 1 0
github.com/bgyss/c4/cmd/c4/id.go:45.8,47.3 1 3
github.com/bgyss/c4/cmd/c4/main.go:15.29,17.2 1 2
github.com/bgyss/c4/cmd/c4/main.go:19.13,22.18 3 0
github.com/bgyss/c4/cmd/c4/main.go:22.18,25.3 2 0
github.com/bgyss/c4/cmd/c4/main.go:27.2,27.25 1 0
github.com/bgyss/c4/cmd/c4/main.go:27.25,29.3 1 0
github.com/bgyss/c4/cmd/c4/main.go:29.8,29.82 1 0
github.com/bgyss/c4/cmd/c4/main.go:29.82,31.3 1 0
github.com/bgyss/c4/cmd/c4/main.go:31.8,33.3 1 0
github.com/bgyss/c4/cmd/c4/main.go:34.2,34.12 1 0
github.com/bgyss/c4/cmd/c4/main.go:37.22,39.44 2 1
github.com/bgyss/c4/cmd/c4/main.go:39.44,42.3 2 1
github.com/bgyss/c4/cmd/c4/main.go:42.8,44.3 1 0
github.com/bgyss/c4/cmd/c4/main.go:47.37,49.16 2 1
github.com/bgyss/c4/cmd/c4/main.go:49.16,52.3 2 0
github.com/bgyss/c4/cmd/c4/main.go:53.2,54.13 2 1
github.com/bgyss/c4/cmd/c4/main.go:57.41,58.33 1 1
github.com/bgyss/c4/cmd/c4/main.go:58.33,60.17 2 2
github.com/bgyss/c4/cmd/c4/main.go:60.17,63.4 2 0
github.com/bgyss/c4/cmd/c4/main.go:64.3,64.16 1 2
github.com/bgyss/c4/cmd/c4/main.go:64.16,66.4 1 0
github.com/bgyss/c4/cmd/c4/main.go:67.3,67.34 1 2
github.com/bgyss/c4/cmd/c4/output.go:8.98,9.33 1 6
github.com/bgyss/c4/cmd/c4/output.go:9.33,12.3 2 2
github.com/bgyss/c4/cmd/c4/output.go:12.8,15.3 2 4
github.com/bgyss/c4/cmd/c4/output.go:16.2,17.29 2 6
github.com/bgyss/c4/cmd/c4/output.go:17.29,19.3 1 5
github.com/bgyss/c4/cmd/c4/output.go:19.8,21.3 1 1
github.com/bgyss/c4/cmd/c4/output.go:22.2,22.27 1 6
github.com/bgyss/c4/cmd/c4/output.go:22.27,24.3 1 4
github.com/bgyss/c4/cmd/c4/output.go:24.8,26.21 2 2
github.com/bgyss/c4/cmd/c4/output.go:26.21,28.4 1 1
github.com/bgyss/c4/cmd/c4/output.go:29.3,29.44 1 2
github.com/bgyss/c4/cmd/c4/output.go:31.2,31.45 1 6
github.com/bgyss/c4/cmd/c4/output.go:34.55,39.20 4 8
github.com/bgyss/c4/cmd/c4/output.go:39.20,41.3 1 2
github.com/bgyss/c4/cmd/c4/output.go:42.2,42.18 1 8
github.com/bgyss/c4/cmd/c4/output.go:42.18,44.3 1 2
github.com/bgyss/c4/cmd/c4/output.go:44.8,45.34 1 6
github.com/bgyss/c4/cmd/c4/output.go:45.34,47.4 1 0
github.com/bgyss/c4/cmd/c4/output.go:47.9,49.4 1 6
github.com/bgyss/c4/cmd/c4/walker.go:11.57,14.16 3 12
github.com/bgyss/c4/cmd/c4/walker.go:14.16,17.3 2 0
github.com/bgyss/c4/cmd/c4/walker.go:19.2,25.13 6 12
github.com/bgyss/c4/cmd/c4/walker.go:28.83,30.16 2 9
github.com/bgyss/c4/cmd/c4/walker.go:30.16,33.3 2 0
github.com/bgyss/c4/cmd/c4/walker.go:35.2,36.28 2 9
github.com/bgyss/c4/cmd/c4/walker.go:36.28,38.3 1 0
github.com/bgyss/c4/cmd/c4/walker.go:38.8,38.48 1 9
github.com/bgyss/c4/cmd/c4/walker.go:38.48,42.3 3 1
github.com/bgyss/c4/cmd/c4/walker.go:42.8,42.33 1 8
github.com/bgyss/c4/cmd/c4/walker.go:42.33,44.17 2 1
github.com/bgyss/c4/cmd/c4/walker.go:44.17,48.4 3 0
github.com/bgyss/c4/cmd/c4/walker.go:48.9,53.4 4 1
github.com/bgyss/c4/cmd/c4/walker.go:54.8,55.29 1 7
github.com/bgyss/c4/cmd/c4/walker.go:55.29,57.18 2 1
github.com/bgyss/c4/cmd/c4/walker.go:57.18,60.5 2 0
github.com/bgyss/c4/cmd/c4/walker.go:61.4,62.31 2 1
github.com/bgyss/c4/cmd/c4/walker.go:62.31,65.5 2 1
github.com/bgyss/c4/cmd/c4/walker.go:66.4,66.22 1 1
github.com/bgyss/c4/cmd/c4/walker.go:67.9,69.4 1 6
github.com/bgyss/c4/cmd/c4/walker.go:71.2,72.34 2 9
github.com/bgyss/c4/cmd/c4/walker.go:72.34,74.3 1 5
github.com/bgyss/c4/cmd/c4/walker.go:75.2,75.8 1 9
