mode: atomic
github.com/bgyss/c4/manifest/naturalsort/naturalsort.go:7.33,7.50 1 10
github.com/bgyss/c4/manifest/naturalsort/naturalsort.go:8.33,8.60 1 837
github.com/bgyss/c4/manifest/naturalsort/naturalsort.go:17.38,22.38 3 1862
github.com/bgyss/c4/manifest/naturalsort/naturalsort.go:22.38,28.20 1 13976
github.com/bgyss/c4/manifest/naturalsort/naturalsort.go:28.20,30.22 1 10856
github.com/bgyss/c4/manifest/naturalsort/naturalsort.go:30.22,33.28 1 10856
github.com/bgyss/c4/manifest/naturalsort/naturalsort.go:33.28,36.14 3 10852
github.com/bgyss/c4/manifest/naturalsort/naturalsort.go:40.5,40.30 1 4
github.com/bgyss/c4/manifest/naturalsort/naturalsort.go:44.4,44.16 1 0
github.com/bgyss/c4/manifest/naturalsort/naturalsort.go:45.9,45.28 1 3120
github.com/bgyss/c4/manifest/naturalsort/naturalsort.go:45.28,47.4 1 2
github.com/bgyss/c4/manifest/naturalsort/naturalsort.go:53.3,53.20 1 3118
github.com/bgyss/c4/manifest/naturalsort/naturalsort.go:53.20,55.22 1 857
github.com/bgyss/c4/manifest/naturalsort/naturalsort.go:55.22,57.28 1 857
github.com/bgyss/c4/manifest/naturalsort/naturalsort.go:57.28,60.14 3 857
github.com/bgyss/c4/manifest/naturalsort/naturalsort.go:63.5,63.30 1 0
github.com/bgyss/c4/manifest/naturalsort/naturalsort.go:65.4,65.16 1 0
github.com/bgyss/c4/manifest/naturalsort/naturalsort.go:66.9,66.28 1 2261
github.com/bgyss/c4/manifest/naturalsort/naturalsort.go:66.28,68.4 1 0
github.com/bgyss/c4/manifest/naturalsort/naturalsort.go:74.3,74.46 1 2261
github.com/bgyss/c4/manifest/naturalsort/naturalsort.go:74.47,75.4 0 3298
github.com/bgyss/c4/manifest/naturalsort/naturalsort.go:78.3,78.48 1 2261
github.com/bgyss/c4/manifest/naturalsort/naturalsort.go:78.49,79.4 0 3149
github.com/bgyss/c4/manifest/naturalsort/naturalsort.go:82.3,85.66 2 2261
github.com/bgyss/c4/manifest/naturalsort/naturalsort.go:85.67,86.4 0 3465
github.com/bgyss/c4/manifest/naturalsort/naturalsort.go:87.3,87.69 1 2261
github.com/bgyss/c4/manifest/naturalsort/naturalsort.go:87.70,88.4 0 3882
github.com/bgyss/c4/manifest/naturalsort/naturalsort.go:91.3,91.37 1 2261
github.com/bgyss/c4/manifest/naturalsort/naturalsort.go:91.37,93.4 1 569
github.com/bgyss/c4/manifest/naturalsort/naturalsort.go:96.3,96.32 1 1692
github.com/bgyss/c4/manifest/naturalsort/naturalsort.go:96.32,98.4 1 1277
github.com/bgyss/c4/manifest/naturalsort/naturalsort.go:103.3,103.13 1 415
github.com/bgyss/c4/manifest/naturalsort/naturalsort.go:103.13,105.4 1 7
github.com/bgyss/c4/manifest/naturalsort/naturalsort.go:111.2,111.31 1 3
github.com/bgyss/c4/util/charset.go:39.13,43.28 4 1
github.com/bgyss/c4/util/charset.go:43.28,46.3 2 58
github.com/bgyss/c4/util/charset.go:50.43,51.26 1 6
github.com/bgyss/c4/util/charset.go:51.26,53.3 1 1
github.com/bgyss/c4/util/charset.go:54.2,56.22 3 5
github.com/bgyss/c4/util/charset.go:56.22,58.17 2 363
github.com/bgyss/c4/util/charset.go:58.17,59.12 1 309
github.com/bgyss/c4/util/charset.go:61.3,61.22 1 54
github.com/bgyss/c4/util/charset.go:61.22,63.4 1 1
github.com/bgyss/c4/util/charset.go:65.2,65.13 1 4
github.com/bgyss/c4/util/charset.go:72.60,73.24 1 6
github.com/bgyss/c4/util/charset.go:73.24,75.3 1 2
github.com/bgyss/c4/util/charset.go:76.2,80.31 5 4
github.com/bgyss/c4/util/charset.go:80.31,83.3 2 36
github.com/bgyss/c4/util/charset.go:84.2,85.19 2 4
github.com/bgyss/c4/util/charset.go:85.19,88.26 3 276
github.com/bgyss/c4/util/charset.go:88.26,89.19 1 138
github.com/bgyss/c4/util/charset.go:89.19,91.5 1 1
github.com/bgyss/c4/util/charset.go:92.4,93.12 2 137
github.com/bgyss/c4/util/charset.go:95.3,95.40 1 138
github.com/bgyss/c4/util/charset.go:95.40,97.4 1 1
github.com/bgyss/c4/util/charset.go:98.3,98.13 1 137
github.com/bgyss/c4/util/charset.go:100.2,100.17 1 2
github.com/bgyss/c4/util/charset.go:100.17,102.3 1 1
github.com/bgyss/c4/util/charset.go:103.2,103.15 1 1
github.com/bgyss/c4/util/charset.go:111.42,112.15 1 2
github.com/bgyss/c4/util/charset.go:112.15,114.3 1 1
github.com/bgyss/c4/util/charset.go:115.2,118.26 3 1
github.com/bgyss/c4/util/charset.go:118.26,120.3 1 88
github.com/bgyss/c4/util/charset.go:121.2,122.14 2 1
github.com/bgyss/c4/util/charset.go:128.42,129.15 1 2
github.com/bgyss/c4/util/charset.go:129.15,131.3 1 1
github.com/bgyss/c4/util/charset.go:132.2,135.26 3 1
github.com/bgyss/c4/util/charset.go:135.26,137.3 1 88
github.com/bgyss/c4/util/charset.go:138.2,139.14 2 1
github.com/bgyss/c4/id.go:38.36,40.2 1 1
github.com/bgyss/c4/id.go:44.38,46.2 1 1
github.com/bgyss/c4/id.go:50.32,52.2 1 1
github.com/bgyss/c4/id.go:56.40,58.2 1 1
github.com/bgyss/c4/id.go:60.13,61.21 1 1
github.com/bgyss/c4/id.go:61.21,63.3 1 256
github.com/bgyss/c4/id.go:64.2,64.28 1 1
github.com/bgyss/c4/id.go:64.28,66.3 1 58
github.com/bgyss/c4/id.go:67.2,67.26 1 1
github.com/bgyss/c4/id.go:67.26,69.3 1 64
github.com/bgyss/c4/id.go:81.38,84.33 3 524282
github.com/bgyss/c4/id.go:84.33,86.3 1 1
github.com/bgyss/c4/id.go:87.2,88.11 2 524281
github.com/bgyss/c4/id.go:130.27,131.26 1 1050642
github.com/bgyss/c4/id.go:131.26,132.13 1 1052771
github.com/bgyss/c4/id.go:132.13,134.4 1 1050636
github.com/bgyss/c4/id.go:136.2,136.13 1 6
github.com/bgyss/c4/id.go:140.39,142.22 2 44
github.com/bgyss/c4/id.go:142.22,144.3 1 0
github.com/bgyss/c4/id.go:145.2,146.20 2 44
github.com/bgyss/c4/id.go:146.20,148.3 1 1
github.com/bgyss/c4/id.go:149.2,151.32 3 43
github.com/bgyss/c4/id.go:151.32,153.16 2 3698
github.com/bgyss/c4/id.go:153.16,155.4 1 1
github.com/bgyss/c4/id.go:156.3,157.43 2 3697
github.com/bgyss/c4/id.go:159.2,160.20 2 42
github.com/bgyss/c4/id.go:160.20,162.3 1 0
github.com/bgyss/c4/id.go:163.2,164.29 2 42
github.com/bgyss/c4/id.go:164.29,166.3 1 621
github.com/bgyss/c4/id.go:168.2,168.15 1 42
github.com/bgyss/c4/id.go:168.15,170.30 2 10
github.com/bgyss/c4/id.go:170.30,172.4 1 621
github.com/bgyss/c4/id.go:175.2,176.16 2 42
github.com/bgyss/c4/id.go:180.30,182.2 1 5
github.com/bgyss/c4/id.go:193.27,194.15 1 526861
github.com/bgyss/c4/id.go:194.15,196.3 1 1
github.com/bgyss/c4/id.go:197.2,197.34 1 526860
github.com/bgyss/c4/id.go:201.30,211.25 8 135
github.com/bgyss/c4/id.go:211.25,213.3 1 12150
github.com/bgyss/c4/id.go:214.2,217.53 3 135
github.com/bgyss/c4/id.go:217.53,220.3 2 11249
github.com/bgyss/c4/id.go:222.2,222.24 1 135
github.com/bgyss/c4/id.go:226.34,228.2 1 1
github.com/bgyss/c4/id.go:230.26,231.35 1 1032
github.com/bgyss/c4/id.go:232.10,232.10 0 520
github.com/bgyss/c4/id.go:234.9,235.14 1 511
github.com/bgyss/c4/id.go:236.9,237.11 1 1
github.com/bgyss/c4/id.go:240.2,245.11 6 1031
github.com/bgyss/c4/id.go:248.48,250.17 2 2
github.com/bgyss/c4/id.go:250.17,252.3 1 1
github.com/bgyss/c4/id.go:253.2,254.16 2 1
github.com/bgyss/c4/id.go:254.16,256.3 1 0
github.com/bgyss/c4/id.go:257.2,258.12 2 1
github.com/bgyss/c4/id.go:261.44,262.16 1 3
github.com/bgyss/c4/id.go:262.16,264.3 1 2
github.com/bgyss/c4/id.go:265.2,265.45 1 1
github.com/bgyss/c4/id.go:270.34,270.51 1 2056
github.com/bgyss/c4/id.go:271.34,271.80 1 5541293
github.com/bgyss/c4/id.go:272.34,272.61 1 1732470
github.com/bgyss/c4/id.go:275.26,276.23 1 3
github.com/bgyss/c4/id.go:276.23,278.3 1 2
github.com/bgyss/c4/id.go:279.2,283.10 5 3
github.com/bgyss/c4/id.go:286.22,289.2 2 1
github.com/bgyss/c4/tree.go:19.27,21.42 2 1054
github.com/bgyss/c4/tree.go:21.42,23.3 1 9335
github.com/bgyss/c4/tree.go:24.2,27.23 3 1054
github.com/bgyss/c4/tree.go:27.23,29.3 1 524239
github.com/bgyss/c4/tree.go:30.2,30.19 1 1054
github.com/bgyss/c4/tree.go:33.42,38.16 3 1026
github.com/bgyss/c4/tree.go:38.16,40.3 1 0
github.com/bgyss/c4/tree.go:41.2,41.20 1 1026
github.com/bgyss/c4/tree.go:41.20,43.3 1 2
github.com/bgyss/c4/tree.go:44.2,45.22 2 1024
github.com/bgyss/c4/tree.go:45.22,47.3 1 3072
github.com/bgyss/c4/tree.go:48.2,49.28 2 1024
github.com/bgyss/c4/tree.go:49.28,51.3 1 1
github.com/bgyss/c4/tree.go:53.2,54.20 2 1023
github.com/bgyss/c4/tree.go:54.20,56.34 2 17886
github.com/bgyss/c4/tree.go:56.34,58.4 1 1
github.com/bgyss/c4/tree.go:59.3,59.37 1 17885
github.com/bgyss/c4/tree.go:63.2,63.18 1 1022
github.com/bgyss/c4/tree.go:67.33,71.38 3 1027
github.com/bgyss/c4/tree.go:71.38,73.34 2 9222
github.com/bgyss/c4/tree.go:73.34,75.17 2 526887
github.com/bgyss/c4/tree.go:75.17,77.5 1 4107
github.com/bgyss/c4/tree.go:77.10,79.70 2 522780
github.com/bgyss/c4/tree.go:79.70,82.6 2 129236
github.com/bgyss/c4/tree.go:82.11,84.6 1 393544
github.com/bgyss/c4/tree.go:85.5,85.41 1 522780
github.com/bgyss/c4/tree.go:89.2,90.11 2 1027
github.com/bgyss/c4/tree.go:93.31,96.16 3 2
github.com/bgyss/c4/tree.go:96.16,98.3 1 1
github.com/bgyss/c4/tree.go:100.2,100.34 1 2
github.com/bgyss/c4/tree.go:100.34,103.3 2 23
github.com/bgyss/c4/tree.go:104.2,104.19 1 2
github.com/bgyss/c4/tree.go:107.28,108.27 1 5115
github.com/bgyss/c4/tree.go:108.27,109.13 1 69643
github.com/bgyss/c4/tree.go:109.13,111.4 1 4091
github.com/bgyss/c4/tree.go:113.2,113.14 1 1024
github.com/bgyss/c4/tree.go:117.30,118.16 1 1023
github.com/bgyss/c4/tree.go:118.16,120.3 1 1021
github.com/bgyss/c4/tree.go:121.2,121.10 1 1023
github.com/bgyss/c4/tree.go:125.25,127.2 1 1021
github.com/bgyss/c4/tree.go:130.28,131.16 1 4089
github.com/bgyss/c4/tree.go:131.16,133.3 1 1
github.com/bgyss/c4/tree.go:134.2,135.11 2 4088
github.com/bgyss/c4/tree.go:138.38,144.37 5 1028
github.com/bgyss/c4/tree.go:144.37,146.3 1 9226
github.com/bgyss/c4/tree.go:147.2,150.17 3 1028
github.com/bgyss/c4/tree.go:150.17,156.3 5 10254
github.com/bgyss/c4/tree.go:158.2,158.13 1 1028
github.com/bgyss/c4/tree.go:163.30,173.15 3 2051
github.com/bgyss/c4/tree.go:173.15,175.3 1 0
github.com/bgyss/c4/tree.go:175.8,175.37 1 2051
github.com/bgyss/c4/tree.go:175.37,177.3 1 0
github.com/bgyss/c4/tree.go:177.8,179.3 1 2051
github.com/bgyss/c4/tree.go:180.2,182.28 2 2051
github.com/bgyss/c4/tree.go:182.28,184.3 1 1
github.com/bgyss/c4/tree.go:185.2,185.28 1 2050
github.com/bgyss/c4/tree.go:185.28,187.3 1 109
github.com/bgyss/c4/tree.go:190.2,190.6 1 1941
github.com/bgyss/c4/tree.go:190.6,194.17 3 5976
github.com/bgyss/c4/tree.go:194.17,196.4 1 1941
github.com/bgyss/c4/tree.go:197.3,197.16 1 4035
github.com/bgyss/c4/tree.go:197.16,199.12 2 24
github.com/bgyss/c4/tree.go:201.3,201.16 1 4011
github.com/bgyss/c4/tree.go:201.16,203.12 2 4011
github.com/bgyss/c4/tree.go:206.3,206.16 1 0
github.com/bgyss/c4/tree.go:212.26,215.31 2 10079
github.com/bgyss/c4/tree.go:215.31,217.3 1 91208
github.com/bgyss/c4/tree.go:218.2,218.14 1 10079
github.com/bgyss/c4/id/common_ids.go:17.13,22.21 5 1
github.com/bgyss/c4/id/common_ids.go:22.21,24.3 1 64
github.com/bgyss/c4/id/common_ids.go:25.2,25.30 1 1
github.com/bgyss/c4/id/digest.go:22.33,23.17 1 525324
github.com/bgyss/c4/id/digest.go:23.17,25.3 1 1
github.com/bgyss/c4/id/digest.go:27.2,27.18 1 525323
github.com/bgyss/c4/id/digest.go:27.18,29.3 1 523579
github.com/bgyss/c4/id/digest.go:30.2,33.20 3 1744
github.com/bgyss/c4/id/digest.go:40.38,41.29 1 1043
github.com/bgyss/c4/id/digest.go:42.10,42.10 0 501
github.com/bgyss/c4/id/digest.go:44.9,45.14 1 541
github.com/bgyss/c4/id/digest.go:46.9,47.11 1 1
github.com/bgyss/c4/id/digest.go:50.2,53.30 4 1042
github.com/bgyss/c4/id/digest.go:58.26,62.2 3 5221
github.com/bgyss/c4/id/digest.go:67.51,68.17 1 2
github.com/bgyss/c4/id/digest.go:68.17,70.3 1 1
github.com/bgyss/c4/id/digest.go:71.2,72.16 2 1
github.com/bgyss/c4/id/digest.go:80.52,81.17 1 2
github.com/bgyss/c4/id/digest.go:81.17,83.3 1 1
github.com/bgyss/c4/id/digest.go:84.2,85.16 2 1
github.com/bgyss/c4/id/digest_slice.go:22.45,24.14 2 523817
github.com/bgyss/c4/id/digest_slice.go:24.14,26.3 1 1
github.com/bgyss/c4/id/digest_slice.go:27.2,30.40 2 523816
github.com/bgyss/c4/id/digest_slice.go:30.40,32.3 1 1
github.com/bgyss/c4/id/digest_slice.go:33.2,38.10 5 523815
github.com/bgyss/c4/id/digest_slice.go:45.40,47.17 2 4
github.com/bgyss/c4/id/digest_slice.go:47.17,49.3 1 1
github.com/bgyss/c4/id/digest_slice.go:54.2,57.20 3 3
github.com/bgyss/c4/id/digest_slice.go:57.20,63.39 4 7
github.com/bgyss/c4/id/digest_slice.go:63.39,65.4 1 11
github.com/bgyss/c4/id/digest_slice.go:67.3,67.15 1 7
github.com/bgyss/c4/id/digest_slice.go:67.15,69.4 1 4
github.com/bgyss/c4/id/digest_slice.go:72.2,72.16 1 3
github.com/bgyss/c4/id/digest_slice.go:77.44,79.46 2 523816
github.com/bgyss/c4/id/digest_slice.go:79.46,79.84 1 4136885
github.com/bgyss/c4/id/digest_slice.go:94.52,96.24 2 2
github.com/bgyss/c4/id/digest_slice.go:96.24,98.3 1 1
github.com/bgyss/c4/id/digest_slice.go:99.2,99.27 1 1
github.com/bgyss/c4/id/digest_slice.go:99.27,101.3 1 9
github.com/bgyss/c4/id/digest_slice.go:102.2,102.25 1 1
github.com/bgyss/c4/id/digest_slice.go:108.52,109.20 1 2
github.com/bgyss/c4/id/digest_slice.go:109.20,111.3 1 1
github.com/bgyss/c4/id/digest_slice.go:112.2,112.34 1 1
github.com/bgyss/c4/id/digest_slice.go:112.34,116.3 3 9
github.com/bgyss/c4/id/digest_slice.go:117.2,117.20 1 1
github.com/bgyss/c4/id/encoder.go:16.28,20.2 1 524269
github.com/bgyss/c4/id/encoder.go:23.48,25.2 1 524302
github.com/bgyss/c4/id/encoder.go:28.28,33.2 4 524273
github.com/bgyss/c4/id/encoder.go:36.35,38.2 1 31
github.com/bgyss/c4/id/encoder.go:41.27,43.2 1 41
github.com/bgyss/c4/id/encoding.go:8.56,9.15 1 2
github.com/bgyss/c4/id/encoding.go:9.15,11.3 1 1
github.com/bgyss/c4/id/encoding.go:12.2,12.33 1 1
github.com/bgyss/c4/id/encoding.go:15.50,17.14 2 2
github.com/bgyss/c4/id/encoding.go:17.14,19.3 1 1
github.com/bgyss/c4/id/encoding.go:20.2,21.12 2 1
github.com/bgyss/c4/id/encoding.go:24.54,25.15 1 2
github.com/bgyss/c4/id/encoding.go:25.15,27.3 1 1
github.com/bgyss/c4/id/encoding.go:28.2,28.33 1 1
github.com/bgyss/c4/id/encoding.go:31.48,33.16 2 2
github.com/bgyss/c4/id/encoding.go:33.16,35.3 1 1
github.com/bgyss/c4/id/encoding.go:36.2,37.12 2 1
github.com/bgyss/c4/id/encoding.go:40.57,41.38 1 1024
github.com/bgyss/c4/id/encoding.go:41.38,43.3 1 1
github.com/bgyss/c4/id/encoding.go:45.2,45.46 1 1023
github.com/bgyss/c4/id/encoding.go:45.46,47.3 1 1
github.com/bgyss/c4/id/encoding.go:49.2,49.20 1 1022
github.com/bgyss/c4/id/encoding.go:52.51,56.21 1 1024
github.com/bgyss/c4/id/encoding.go:56.21,58.3 1 1
github.com/bgyss/c4/id/encoding.go:59.2,60.22 2 1023
github.com/bgyss/c4/id/encoding.go:60.22,63.3 2 3069
github.com/bgyss/c4/id/encoding.go:64.2,66.49 2 1023
github.com/bgyss/c4/id/encoding.go:66.49,68.3 1 1
github.com/bgyss/c4/id/encoding.go:72.2,77.12 5 1022
github.com/bgyss/c4/id/encoding.go:80.55,82.2 1 1
github.com/bgyss/c4/id/errors.go:9.36,11.2 1 1
github.com/bgyss/c4/id/errors.go:15.38,17.2 1 2
github.com/bgyss/c4/id/errors.go:21.32,23.2 1 1
github.com/bgyss/c4/id/errors.go:27.40,29.2 1 1
github.com/bgyss/c4/id/id.go:20.13,21.32 1 1
github.com/bgyss/c4/id/id.go:21.32,23.3 1 256
github.com/bgyss/c4/id/id.go:24.2,24.36 1 1
github.com/bgyss/c4/id/id.go:24.36,26.3 1 58
github.com/bgyss/c4/id/id.go:33.37,35.2 1 47
github.com/bgyss/c4/id/id.go:38.35,40.2 1 130
github.com/bgyss/c4/id/id.go:43.31,45.2 1 524248
github.com/bgyss/c4/id/id.go:56.29,57.14 1 3118
github.com/bgyss/c4/id/id.go:57.14,59.3 1 1
github.com/bgyss/c4/id/id.go:60.2,62.23 3 3117
github.com/bgyss/c4/id/id.go:68.44,69.20 1 47
github.com/bgyss/c4/id/id.go:69.20,71.3 1 3
github.com/bgyss/c4/id/id.go:72.2,74.32 3 44
github.com/bgyss/c4/id/id.go:74.32,76.16 2 3786
github.com/bgyss/c4/id/id.go:76.16,78.4 1 1
github.com/bgyss/c4/id/id.go:79.3,80.43 2 3785
github.com/bgyss/c4/id/id.go:82.2,83.17 2 43
github.com/bgyss/c4/id/id.go:88.30,96.30 8 130
github.com/bgyss/c4/id/id.go:96.30,99.3 2 10808
github.com/bgyss/c4/id/id.go:101.2,105.16 4 130
github.com/bgyss/c4/id/id.go:109.36,111.2 1 1
github.com/bgyss/c4/id/identify.go:8.34,11.33 3 524241
github.com/bgyss/c4/id/identify.go:11.33,13.3 1 1
github.com/bgyss/c4/id/identify.go:14.2,14.15 1 524240
github.com/bgyss/c4/id/marshal.go:6.43,8.2 1 1
github.com/bgyss/c4/id/marshal.go:11.43,13.2 1 1
github.com/bgyss/c4/id/marshal.go:16.45,18.35 2 2
github.com/bgyss/c4/id/marshal.go:18.35,20.3 1 1
github.com/bgyss/c4/id/marshal.go:21.2,21.45 1 1
github.com/bgyss/c4/id/marshal.go:25.48,30.2 3 1
github.com/bgyss/c4/id/slice.go:8.32,9.15 1 10
github.com/bgyss/c4/id/slice.go:9.15,11.3 1 1
github.com/bgyss/c4/id/slice.go:12.2,15.41 2 9
github.com/bgyss/c4/id/slice.go:15.41,17.3 1 1
github.com/bgyss/c4/id/slice.go:18.2,21.14 3 8
github.com/bgyss/c4/id/slice.go:25.33,27.24 2 1
github.com/bgyss/c4/id/slice.go:27.24,29.3 1 2
github.com/bgyss/c4/id/slice.go:30.2,30.15 1 1
github.com/bgyss/c4/id/slice.go:35.34,36.15 1 13
github.com/bgyss/c4/id/slice.go:36.15,38.3 1 1
github.com/bgyss/c4/id/slice.go:39.2,39.46 1 12
github.com/bgyss/c4/id/slice.go:39.46,39.89 1 12
github.com/bgyss/c4/id/slice.go:42.26,43.14 1 7
github.com/bgyss/c4/id/slice.go:43.14,45.3 1 4
github.com/bgyss/c4/id/slice.go:46.2,46.11 1 3
github.com/bgyss/c4/id/slice.go:54.25,59.23 2 2
github.com/bgyss/c4/id/slice.go:59.23,60.16 1 5
github.com/bgyss/c4/id/slice.go:60.16,62.4 1 1
github.com/bgyss/c4/id/slice.go:63.3,63.41 1 4
github.com/bgyss/c4/id/slice.go:65.2,67.15 2 1
github.com/bgyss/c4/id/tree.go:25.35,28.27 3 1051
github.com/bgyss/c4/id/tree.go:28.27,30.3 1 524219
github.com/bgyss/c4/id/tree.go:31.2,34.3 1 1051
github.com/bgyss/c4/id/tree.go:37.30,39.2 1 1
github.com/bgyss/c4/id/tree.go:41.32,43.2 1 1
github.com/bgyss/c4/id/tree.go:45.31,47.2 1 6
github.com/bgyss/c4/id/tree.go:49.36,52.25 3 5
github.com/bgyss/c4/id/tree.go:52.25,55.3 2 20
github.com/bgyss/c4/id/tree.go:56.2,56.16 1 5
github.com/bgyss/c4/id/tree.go:60.42,63.2 2 1
github.com/bgyss/c4/id/tree.go:66.33,68.40 2 2045
github.com/bgyss/c4/id/tree.go:68.40,70.34 2 18418
github.com/bgyss/c4/id/tree.go:70.34,72.17 2 1053712
github.com/bgyss/c4/id/tree.go:72.17,74.5 1 8197
github.com/bgyss/c4/id/tree.go:74.10,78.74 2 1045515
github.com/bgyss/c4/id/tree.go:78.74,81.6 2 259761
github.com/bgyss/c4/id/tree.go:81.11,84.6 1 785754
github.com/bgyss/c4/id/tree.go:85.5,85.43 1 1045515
github.com/bgyss/c4/id/tree.go:89.2,89.26 1 2045
github.com/bgyss/c4/id/tree.go:92.32,94.29 2 2
github.com/bgyss/c4/id/tree.go:94.29,95.37 1 6
github.com/bgyss/c4/id/tree.go:95.37,97.4 1 14
github.com/bgyss/c4/id/tree.go:99.2,99.12 1 2
github.com/bgyss/c4/id/tree.go:103.29,105.2 1 1
github.com/bgyss/c4/id/tree.go:109.27,111.2 1 1
github.com/bgyss/c4/id/tree.go:114.28,117.2 2 1021
github.com/bgyss/c4/id/tree.go:119.25,121.2 1 4089
github.com/bgyss/c4/id/tree.go:123.32,125.2 1 1
github.com/bgyss/c4/id/tree.go:165.36,170.2 1 4
github.com/bgyss/c4/id/tree.go:172.29,173.13 1 2
github.com/bgyss/c4/id/tree.go:173.13,178.3 1 1
github.com/bgyss/c4/id/tree.go:179.2,182.3 1 1
github.com/bgyss/c4/id/tree.go:185.30,188.2 2 1
github.com/bgyss/c4/id/tree.go:190.29,192.34 2 2
github.com/bgyss/c4/id/tree.go:192.34,194.3 1 1
github.com/bgyss/c4/id/tree.go:195.2,196.40 2 1
github.com/bgyss/c4/id/tree.go:199.30,201.34 2 2
github.com/bgyss/c4/id/tree.go:201.34,203.3 1 1
github.com/bgyss/c4/id/tree.go:204.2,205.40 2 1
github.com/bgyss/c4/id/tree_utils.go:6.51,9.31 3 2074
github.com/bgyss/c4/id/tree_utils.go:9.31,12.3 2 18533
github.com/bgyss/c4/id/tree_utils.go:13.2,13.29 1 2074
github.com/bgyss/c4/id/tree_utils.go:23.64,28.32 4 2074
github.com/bgyss/c4/id/tree_utils.go:28.32,35.3 3 18533
github.com/bgyss/c4/id/tree_utils.go:37.2,42.15 2 2074
github.com/bgyss/c4/id/tree_utils.go:47.50,58.27 5 2074
github.com/bgyss/c4/id/tree_utils.go:58.27,66.3 3 20607
github.com/bgyss/c4/id/tree_utils.go:67.2,67.21 1 2074
github.com/bgyss/c4/id/tree_utils.go:72.30,83.16 5 4195323
github.com/bgyss/c4/id/tree_utils.go:83.16,85.3 1 0
github.com/bgyss/c4/id/tree_utils.go:86.2,88.16 3 4195323
github.com/bgyss/c4/id/tree_utils.go:88.16,90.3 1 305
github.com/bgyss/c4/id/tree_utils.go:94.2,94.6 1 4195018
github.com/bgyss/c4/id/tree_utils.go:94.6,97.20 3 15404843
github.com/bgyss/c4/id/tree_utils.go:97.20,98.30 1 0
github.com/bgyss/c4/id/tree_utils.go:101.3,101.16 1 15404843
github.com/bgyss/c4/id/tree_utils.go:101.16,103.4 1 2609252
github.com/bgyss/c4/id/tree_utils.go:103.9,103.23 1 12795591
github.com/bgyss/c4/id/tree_utils.go:103.23,105.4 1 8600573
github.com/bgyss/c4/id/tree_utils.go:105.9,107.4 1 4195018
github.com/bgyss/c4/id/tree_utils.go:113.26,116.31 2 27989790
github.com/bgyss/c4/id/tree_utils.go:116.31,118.3 1 588706541
github.com/bgyss/c4/id/tree_utils.go:119.2,119.14 1 27989790
github.com/bgyss/c4/id/tree_utils.go:125.22,126.12 1 4195325
github.com/bgyss/c4/id/tree_utils.go:126.12,128.3 1 1
github.com/bgyss/c4/id/tree_utils.go:130.2,130.11 1 4195324
github.com/bgyss/c4/id/tree_utils.go:130.11,132.3 1 0
github.com/bgyss/c4/id/tree_utils.go:133.2,133.33 1 4195324
github.com/bgyss/c4/id/tree_utils.go:155.34,156.16 1 4195326
github.com/bgyss/c4/id/tree_utils.go:156.16,159.3 2 1
github.com/bgyss/c4/id/tree_utils.go:160.2,160.16 1 4195326
github.com/bgyss/c4/id/tree_utils.go:160.16,163.3 2 4161535
github.com/bgyss/c4/id/tree_utils.go:164.2,164.15 1 4195326
github.com/bgyss/c4/id/tree_utils.go:164.15,167.3 2 33536
github.com/bgyss/c4/id/tree_utils.go:168.2,168.28 1 4195326
github.com/bgyss/c4/manifest/db.go:14.50,16.2 1 1
github.com/bgyss/c4/manifest/filemode.go:9.55,12.21 2 41
github.com/bgyss/c4/manifest/filemode.go:12.21,14.3 1 2
github.com/bgyss/c4/manifest/filemode.go:15.2,17.14 3 39
github.com/bgyss/c4/manifest/filemode.go:18.11,18.11 0 21
github.com/bgyss/c4/manifest/filemode.go:19.11,24.45 1 5
github.com/bgyss/c4/manifest/filemode.go:24.45,26.4 1 3
github.com/bgyss/c4/manifest/filemode.go:26.9,28.4 1 2
github.com/bgyss/c4/manifest/filemode.go:29.11,31.24 1 1
github.com/bgyss/c4/manifest/filemode.go:32.11,34.24 1 1
github.com/bgyss/c4/manifest/filemode.go:35.11,37.25 1 2
github.com/bgyss/c4/manifest/filemode.go:38.11,40.27 1 2
github.com/bgyss/c4/manifest/filemode.go:41.11,43.27 1 1
github.com/bgyss/c4/manifest/filemode.go:44.11,46.24 1 2
github.com/bgyss/c4/manifest/filemode.go:47.11,49.24 1 1
github.com/bgyss/c4/manifest/filemode.go:50.11,52.24 1 1
github.com/bgyss/c4/manifest/filemode.go:53.11,55.44 1 1
github.com/bgyss/c4/manifest/filemode.go:56.11,58.24 1 1
github.com/bgyss/c4/manifest/filemode.go:61.2,61.21 1 39
github.com/bgyss/c4/manifest/filemode.go:61.21,63.3 1 39
github.com/bgyss/c4/manifest/filemode.go:64.2,64.21 1 39
github.com/bgyss/c4/manifest/filemode.go:64.21,66.3 1 39
github.com/bgyss/c4/manifest/filemode.go:67.2,67.21 1 39
github.com/bgyss/c4/manifest/filemode.go:67.21,69.3 1 4
github.com/bgyss/c4/manifest/filemode.go:70.2,70.21 1 39
github.com/bgyss/c4/manifest/filemode.go:70.21,72.3 1 38
github.com/bgyss/c4/manifest/filemode.go:73.2,73.21 1 39
github.com/bgyss/c4/manifest/filemode.go:73.21,75.3 1 0
github.com/bgyss/c4/manifest/filemode.go:76.2,76.21 1 39
github.com/bgyss/c4/manifest/filemode.go:76.21,78.3 1 4
github.com/bgyss/c4/manifest/filemode.go:79.2,79.21 1 39
github.com/bgyss/c4/manifest/filemode.go:79.21,81.3 1 38
github.com/bgyss/c4/manifest/filemode.go:82.2,82.21 1 39
github.com/bgyss/c4/manifest/filemode.go:82.21,84.3 1 0
github.com/bgyss/c4/manifest/filemode.go:85.2,85.21 1 39
github.com/bgyss/c4/manifest/filemode.go:85.21,87.3 1 4
github.com/bgyss/c4/manifest/filemode.go:89.2,89.18 1 39
github.com/bgyss/c4/manifest/manifest.go:31.34,33.2 1 75
github.com/bgyss/c4/manifest/manifest.go:35.33,37.2 1 46
github.com/bgyss/c4/manifest/manifest.go:39.39,41.2 1 9
github.com/bgyss/c4/manifest/manifest.go:43.40,45.2 1 4
github.com/bgyss/c4/manifest/manifest.go:47.33,49.2 1 22
github.com/bgyss/c4/manifest/manifest.go:51.38,53.2 1 1
github.com/bgyss/c4/manifest/manifest.go:55.31,57.2 1 44
github.com/bgyss/c4/manifest/manifest.go:59.37,61.2 1 21
github.com/bgyss/c4/manifest/manifest.go:63.72,65.2 1 17
github.com/bgyss/c4/manifest/manifest.go:67.50,83.19 2 2
github.com/bgyss/c4/manifest/manifest.go:83.19,85.3 1 2
github.com/bgyss/c4/manifest/manifest.go:86.2,86.25 1 2
github.com/bgyss/c4/manifest/manifest.go:86.25,88.3 1 2
github.com/bgyss/c4/manifest/manifest.go:89.2,89.27 1 2
github.com/bgyss/c4/manifest/manifest.go:92.53,102.16 3 6
github.com/bgyss/c4/manifest/manifest.go:102.16,104.3 1 1
github.com/bgyss/c4/manifest/manifest.go:106.2,107.16 2 5
github.com/bgyss/c4/manifest/manifest.go:107.16,109.3 1 1
github.com/bgyss/c4/manifest/manifest.go:110.2,111.16 2 4
github.com/bgyss/c4/manifest/manifest.go:111.16,113.3 1 1
github.com/bgyss/c4/manifest/manifest.go:114.2,118.24 5 3
github.com/bgyss/c4/manifest/manifest.go:118.24,120.17 2 2
github.com/bgyss/c4/manifest/manifest.go:120.17,122.4 1 1
github.com/bgyss/c4/manifest/manifest.go:123.3,123.12 1 1
github.com/bgyss/c4/manifest/manifest.go:126.2,126.30 1 2
github.com/bgyss/c4/manifest/manifest.go:126.30,128.17 2 1
github.com/bgyss/c4/manifest/manifest.go:128.17,130.4 1 0
github.com/bgyss/c4/manifest/manifest.go:131.3,131.18 1 1
github.com/bgyss/c4/manifest/manifest.go:134.2,134.12 1 2
github.com/bgyss/c4/manifest/manifest.go:137.52,142.16 4 19
github.com/bgyss/c4/manifest/manifest.go:142.16,144.3 1 0
github.com/bgyss/c4/manifest/manifest.go:147.2,150.16 4 18
github.com/bgyss/c4/manifest/manifest.go:150.16,152.3 1 1
github.com/bgyss/c4/manifest/manifest.go:155.2,158.16 4 17
github.com/bgyss/c4/manifest/manifest.go:158.16,160.3 1 1
github.com/bgyss/c4/manifest/manifest.go:162.2,164.13 3 16
github.com/bgyss/c4/manifest/manifest.go:164.13,166.3 1 4
github.com/bgyss/c4/manifest/manifest.go:167.2,177.20 4 16
github.com/bgyss/c4/manifest/manifest.go:177.20,179.3 1 4
github.com/bgyss/c4/manifest/manifest.go:181.2,182.16 2 12
github.com/bgyss/c4/manifest/manifest.go:182.16,184.3 1 1
github.com/bgyss/c4/manifest/manifest.go:185.2,187.20 3 11
github.com/bgyss/c4/manifest/manifest.go:187.20,189.3 1 10
github.com/bgyss/c4/manifest/manifest.go:191.2,192.16 2 1
github.com/bgyss/c4/manifest/manifest.go:192.16,194.3 1 1
github.com/bgyss/c4/manifest/manifest.go:195.2,197.18 2 0
github.com/bgyss/c4/manifest/manifest.go:206.40,212.23 6 17
github.com/bgyss/c4/manifest/manifest.go:212.23,214.3 1 3
github.com/bgyss/c4/manifest/manifest.go:215.2,215.22 1 17
github.com/bgyss/c4/manifest/manifest.go:215.22,217.29 2 11
github.com/bgyss/c4/manifest/manifest.go:217.29,219.4 1 1
github.com/bgyss/c4/manifest/manifest.go:222.2,222.15 1 17
github.com/bgyss/c4/manifest/manifest.go:225.109,234.2 1 6
github.com/bgyss/c4/manifest/manifest.go:236.60,244.42 2 31
github.com/bgyss/c4/manifest/manifest.go:244.42,247.3 2 2
github.com/bgyss/c4/manifest/manifest.go:249.2,249.18 1 31
github.com/bgyss/c4/manifest/manifest.go:249.18,251.19 2 28
github.com/bgyss/c4/manifest/manifest.go:251.19,253.4 1 2
github.com/bgyss/c4/manifest/manifest.go:256.2,256.12 1 31
github.com/bgyss/c4/manifest/manifest.go:360.23,363.2 2 13
github.com/bgyss/c4/manifest/manifest.go:364.24,367.2 2 12
github.com/bgyss/c4/manifest/manifest.go:369.57,372.42 2 26
github.com/bgyss/c4/manifest/manifest.go:372.42,375.3 2 25
github.com/bgyss/c4/manifest/manifest.go:377.2,377.29 1 1
github.com/bgyss/c4/manifest/manifest.go:381.43,384.9 3 3
github.com/bgyss/c4/manifest/manifest.go:384.9,385.58 1 1
github.com/bgyss/c4/manifest/manifest.go:387.2,388.16 2 2
github.com/bgyss/c4/manifest/manifest.go:392.49,395.9 3 4
github.com/bgyss/c4/manifest/manifest.go:395.9,396.67 1 1
github.com/bgyss/c4/manifest/manifest.go:398.2,399.16 2 3
github.com/bgyss/c4/manifest/manifest.go:408.41,411.2 2 15
github.com/bgyss/c4/manifest/manifest.go:413.31,417.19 4 4
github.com/bgyss/c4/manifest/manifest.go:417.19,420.3 2 19
github.com/bgyss/c4/manifest/manifest.go:421.2,422.28 2 4
github.com/bgyss/c4/manifest/manifest.go:425.40,432.25 6 6
github.com/bgyss/c4/manifest/manifest.go:432.25,434.29 2 16
github.com/bgyss/c4/manifest/manifest.go:434.29,436.4 1 7
github.com/bgyss/c4/manifest/manifest.go:437.3,437.33 1 16
github.com/bgyss/c4/manifest/manifest.go:437.33,439.4 1 8
github.com/bgyss/c4/manifest/manifest.go:441.3,442.6 2 16
github.com/bgyss/c4/manifest/manifest.go:445.2,452.29 5 6
github.com/bgyss/c4/manifest/manifest.go:452.29,454.25 2 16
github.com/bgyss/c4/manifest/manifest.go:454.25,456.32 2 10
github.com/bgyss/c4/manifest/manifest.go:456.32,458.5 1 0
github.com/bgyss/c4/manifest/manifest.go:461.3,462.90 2 16
github.com/bgyss/c4/manifest/manifest.go:464.2,466.25 3 6
github.com/bgyss/c4/manifest/manifest.go:466.25,468.3 1 10
github.com/bgyss/c4/manifest/manifest.go:470.2,470.26 1 6
github.com/bgyss/c4/manifest/manifest.go:473.43,478.12 5 3
github.com/bgyss/c4/manifest/manifest.go:478.12,481.20 2 14
github.com/bgyss/c4/manifest/manifest.go:481.20,483.4 1 1
github.com/bgyss/c4/manifest/manifest.go:484.3,484.21 1 14
github.com/bgyss/c4/manifest/manifest.go:484.21,485.12 1 1
github.com/bgyss/c4/manifest/manifest.go:487.3,488.26 2 13
github.com/bgyss/c4/manifest/manifest.go:488.26,489.17 1 27
github.com/bgyss/c4/manifest/manifest.go:489.17,490.10 1 13
github.com/bgyss/c4/manifest/manifest.go:492.4,492.17 1 14
github.com/bgyss/c4/manifest/manifest.go:495.3,495.32 1 13
github.com/bgyss/c4/manifest/manifest.go:495.32,497.4 1 6
github.com/bgyss/c4/manifest/manifest.go:498.3,500.22 2 13
github.com/bgyss/c4/manifest/manifest.go:500.22,502.18 2 2
github.com/bgyss/c4/manifest/manifest.go:502.18,504.13 2 2
github.com/bgyss/c4/manifest/manifest.go:508.3,509.17 2 11
github.com/bgyss/c4/manifest/manifest.go:509.17,511.4 1 0
github.com/bgyss/c4/manifest/manifest.go:512.3,514.19 3 11
github.com/bgyss/c4/manifest/manifest.go:514.19,516.4 1 1
github.com/bgyss/c4/manifest/manifest.go:518.2,518.12 1 3
github.com/bgyss/c4/manifest/nillist.go:13.40,15.28 2 15
github.com/bgyss/c4/manifest/nillist.go:15.28,17.3 1 55
github.com/bgyss/c4/manifest/nillist.go:18.2,22.11 5 15
github.com/bgyss/c4/manifest/nillist.go:27.38,27.55 1 67
github.com/bgyss/c4/manifest/nillist.go:28.38,28.65 1 25
github.com/bgyss/c4/manifest/nillist.go:29.38,29.80 1 98
github.com/bgyss/c4/manifest/nillist.go:31.41,33.25 2 15
github.com/bgyss/c4/manifest/nillist.go:33.25,35.3 1 52
github.com/bgyss/c4/manifest/nillist.go:36.2,36.13 1 15
github.com/bgyss/c4/manifest/nillist.go:39.28,41.59 1 1
github.com/bgyss/c4/manifest/nillist.go:41.59,43.3 1 1
github.com/bgyss/c4/manifest/nillist.go:46.36,48.2 1 1
github.com/bgyss/c4/manifest/nillist.go:51.36,52.20 1 64
github.com/bgyss/c4/manifest/nillist.go:52.20,54.3 1 2
github.com/bgyss/c4/manifest/nillist.go:55.2,56.33 2 62
github.com/bgyss/c4/manifest/nillist.go:56.33,57.21 1 345
github.com/bgyss/c4/manifest/nillist.go:57.21,59.12 2 63
github.com/bgyss/c4/manifest/nillist.go:61.3,61.20 1 282
github.com/bgyss/c4/manifest/nillist.go:63.2,63.13 1 62
github.com/bgyss/c4/manifest/nillist.go:67.34,68.20 1 55
github.com/bgyss/c4/manifest/nillist.go:68.20,70.3 1 2
github.com/bgyss/c4/manifest/nillist.go:71.2,75.22 3 53
github.com/bgyss/c4/manifest/nillist.go:75.22,76.19 1 325
github.com/bgyss/c4/manifest/nillist.go:76.19,78.12 2 267
github.com/bgyss/c4/manifest/nillist.go:80.3,80.28 1 58
github.com/bgyss/c4/manifest/nillist.go:82.2,82.28 1 53
github.com/bgyss/c4/manifest/nillist.go:85.41,89.2 3 1
github.com/bgyss/c4/manifest/nillist.go:93.39,95.47 1 5
github.com/bgyss/c4/manifest/nillist.go:95.47,97.3 1 15
github.com/bgyss/c4/manifest/nillist.go:119.38,121.47 1 6
github.com/bgyss/c4/manifest/nillist.go:121.47,123.3 1 11
github.com/bgyss/c4/manifest/nillist.go:131.47,140.21 4 1
github.com/bgyss/c4/manifest/nillist.go:140.21,142.53 1 3
github.com/bgyss/c4/manifest/nillist.go:142.53,143.9 1 0
github.com/bgyss/c4/manifest/nillist.go:145.3,151.13 4 3
github.com/bgyss/c4/manifest/nillist.go:151.13,154.4 2 1
github.com/bgyss/c4/manifest/nillist.go:156.3,158.20 3 3
github.com/bgyss/c4/manifest/nillist.go:160.2,160.12 1 1
github.com/bgyss/c4/manifest/nillist.go:179.46,182.18 2 3
github.com/bgyss/c4/manifest/nillist.go:182.18,184.3 1 1
github.com/bgyss/c4/manifest/nillist.go:186.2,186.24 1 2
github.com/bgyss/c4/store/folder.go:21.56,24.100 2 223
github.com/bgyss/c4/store/folder.go:24.100,26.3 1 0
github.com/bgyss/c4/store/folder.go:28.2,29.16 2 223
github.com/bgyss/c4/store/folder.go:29.16,31.3 1 0
github.com/bgyss/c4/store/folder.go:33.2,35.16 3 223
github.com/bgyss/c4/store/folder.go:35.16,37.3 1 0
github.com/bgyss/c4/store/folder.go:40.2,41.28 1 223
github.com/bgyss/c4/store/folder.go:41.28,43.3 1 1
github.com/bgyss/c4/store/folder.go:45.2,45.24 1 222
github.com/bgyss/c4/store/folder.go:50.55,52.16 2 108
github.com/bgyss/c4/store/folder.go:52.16,54.3 1 1
github.com/bgyss/c4/store/folder.go:55.2,55.22 1 107
github.com/bgyss/c4/store/folder.go:61.58,63.16 2 109
github.com/bgyss/c4/store/folder.go:63.16,65.3 1 0
github.com/bgyss/c4/store/folder.go:66.2,67.16 2 109
github.com/bgyss/c4/store/folder.go:67.16,69.3 1 1
github.com/bgyss/c4/store/folder.go:70.2,70.24 1 108
github.com/bgyss/c4/store/folder.go:73.40,75.16 2 6
github.com/bgyss/c4/store/folder.go:75.16,77.3 1 0
github.com/bgyss/c4/store/folder.go:78.2,78.24 1 6
github.com/bgyss/c4/store/logger.go:44.67,45.16 1 5
github.com/bgyss/c4/store/logger.go:45.16,47.3 1 2
github.com/bgyss/c4/store/logger.go:48.2,48.31 1 5
github.com/bgyss/c4/store/logger.go:52.56,56.26 3 3
github.com/bgyss/c4/store/logger.go:56.26,58.3 1 2
github.com/bgyss/c4/store/logger.go:61.2,62.16 2 3
github.com/bgyss/c4/store/logger.go:62.16,64.28 1 2
github.com/bgyss/c4/store/logger.go:64.28,66.4 1 2
github.com/bgyss/c4/store/logger.go:67.3,67.18 1 2
github.com/bgyss/c4/store/logger.go:71.2,71.57 1 1
github.com/bgyss/c4/store/logger.go:75.59,79.28 3 4
github.com/bgyss/c4/store/logger.go:79.28,81.3 1 4
github.com/bgyss/c4/store/logger.go:84.2,85.16 2 4
github.com/bgyss/c4/store/logger.go:85.16,87.28 1 1
github.com/bgyss/c4/store/logger.go:87.28,89.4 1 1
github.com/bgyss/c4/store/logger.go:90.3,90.18 1 1
github.com/bgyss/c4/store/logger.go:94.2,94.57 1 3
github.com/bgyss/c4/store/logger.go:98.41,102.28 3 2
github.com/bgyss/c4/store/logger.go:102.28,104.3 1 2
github.com/bgyss/c4/store/logger.go:107.2,108.16 2 2
github.com/bgyss/c4/store/logger.go:108.16,110.28 1 1
github.com/bgyss/c4/store/logger.go:110.28,112.4 1 1
github.com/bgyss/c4/store/logger.go:113.3,113.13 1 1
github.com/bgyss/c4/store/logger.go:116.2,116.12 1 1
github.com/bgyss/c4/store/logger.go:137.53,142.26 3 5
github.com/bgyss/c4/store/logger.go:142.26,144.3 1 5
github.com/bgyss/c4/store/logger.go:145.2,145.16 1 5
github.com/bgyss/c4/store/logger.go:145.16,147.3 1 1
github.com/bgyss/c4/store/logger.go:149.2,149.13 1 4
github.com/bgyss/c4/store/logger.go:150.14,151.26 1 2
github.com/bgyss/c4/store/logger.go:151.26,153.4 1 1
github.com/bgyss/c4/store/logger.go:154.20,155.32 1 1
github.com/bgyss/c4/store/logger.go:155.32,157.4 1 1
github.com/bgyss/c4/store/logger.go:158.10,159.28 1 1
github.com/bgyss/c4/store/logger.go:159.28,161.4 1 0
github.com/bgyss/c4/store/logger.go:163.2,164.15 2 2
github.com/bgyss/c4/store/logger.go:169.39,173.27 2 3
github.com/bgyss/c4/store/logger.go:173.27,175.3 1 3
github.com/bgyss/c4/store/logger.go:178.2,179.16 2 3
github.com/bgyss/c4/store/logger.go:179.16,181.3 1 1
github.com/bgyss/c4/store/logger.go:183.2,183.25 1 2
github.com/bgyss/c4/store/logger.go:183.25,185.32 1 2
github.com/bgyss/c4/store/logger.go:185.32,187.4 1 1
github.com/bgyss/c4/store/logger.go:188.8,188.34 1 0
github.com/bgyss/c4/store/logger.go:188.34,190.3 1 0
github.com/bgyss/c4/store/logger.go:193.2,194.12 2 1
github.com/bgyss/c4/store/logger.go:214.54,220.27 3 7
github.com/bgyss/c4/store/logger.go:220.27,222.3 1 7
github.com/bgyss/c4/store/logger.go:223.2,223.16 1 7
github.com/bgyss/c4/store/logger.go:223.16,225.3 1 3
github.com/bgyss/c4/store/logger.go:227.2,227.13 1 4
github.com/bgyss/c4/store/logger.go:228.14,229.26 1 1
github.com/bgyss/c4/store/logger.go:229.26,231.4 1 0
github.com/bgyss/c4/store/logger.go:232.20,233.32 1 1
github.com/bgyss/c4/store/logger.go:233.32,235.4 1 1
github.com/bgyss/c4/store/logger.go:236.10,237.28 1 2
github.com/bgyss/c4/store/logger.go:237.28,239.4 1 0
github.com/bgyss/c4/store/logger.go:241.2,242.15 2 3
github.com/bgyss/c4/store/logger.go:246.39,250.27 2 7
github.com/bgyss/c4/store/logger.go:250.27,252.3 1 7
github.com/bgyss/c4/store/logger.go:255.2,256.16 2 7
github.com/bgyss/c4/store/logger.go:256.16,258.3 1 3
github.com/bgyss/c4/store/logger.go:260.2,260.25 1 4
github.com/bgyss/c4/store/logger.go:260.25,262.32 1 1
github.com/bgyss/c4/store/logger.go:262.32,264.4 1 0
github.com/bgyss/c4/store/logger.go:265.8,265.34 1 3
github.com/bgyss/c4/store/logger.go:265.34,267.3 1 1
github.com/bgyss/c4/store/logger.go:270.2,271.12 2 3
github.com/bgyss/c4/store/map.go:16.37,18.2 1 2
github.com/bgyss/c4/store/map.go:22.52,24.2 1 100
github.com/bgyss/c4/store/map.go:29.55,31.2 1 1
github.com/bgyss/c4/store/map.go:35.37,37.2 1 1
github.com/bgyss/c4/store/map.go:39.31,41.2 1 1
github.com/bgyss/c4/store/map.go:43.43,45.2 1 2
github.com/bgyss/c4/store/map.go:47.78,50.9 3 105
github.com/bgyss/c4/store/map.go:50.9,53.3 2 103
github.com/bgyss/c4/store/map.go:54.2,54.21 1 2
github.com/bgyss/c4/store/map.go:57.56,58.26 1 2
github.com/bgyss/c4/store/map.go:58.26,59.19 1 101
github.com/bgyss/c4/store/map.go:59.19,61.4 1 1
github.com/bgyss/c4/store/ram.go:16.20,19.2 2 5
github.com/bgyss/c4/store/ram.go:28.47,29.22 1 300
github.com/bgyss/c4/store/ram.go:29.22,31.3 1 1
github.com/bgyss/c4/store/ram.go:33.2,35.15 3 299
github.com/bgyss/c4/store/ram.go:38.48,39.16 1 204
github.com/bgyss/c4/store/ram.go:39.16,41.3 1 1
github.com/bgyss/c4/store/ram.go:42.2,43.20 2 203
github.com/bgyss/c4/store/ram.go:46.33,47.16 1 402
github.com/bgyss/c4/store/ram.go:47.16,49.3 1 199
github.com/bgyss/c4/store/ram.go:50.2,51.12 2 203
github.com/bgyss/c4/store/ram.go:56.53,58.9 2 303
github.com/bgyss/c4/store/ram.go:58.9,60.3 1 3
github.com/bgyss/c4/store/ram.go:61.2,61.41 1 300
github.com/bgyss/c4/store/ram.go:67.56,69.8 2 204
github.com/bgyss/c4/store/ram.go:69.8,71.3 1 1
github.com/bgyss/c4/store/ram.go:73.2,73.46 1 203
github.com/bgyss/c4/store/ram.go:78.38,80.9 2 105
github.com/bgyss/c4/store/ram.go:80.9,82.3 1 1
github.com/bgyss/c4/store/ram.go:83.2,84.12 2 104
github.com/bgyss/c4/store/validating.go:24.41,26.2 1 4
github.com/bgyss/c4/store/validating.go:36.56,39.16 3 200
github.com/bgyss/c4/store/validating.go:39.16,41.3 1 198
github.com/bgyss/c4/store/validating.go:42.2,42.19 1 2
github.com/bgyss/c4/store/validating.go:42.19,43.19 1 1
github.com/bgyss/c4/store/validating.go:43.19,45.4 1 1
github.com/bgyss/c4/store/validating.go:47.2,47.15 1 1
github.com/bgyss/c4/store/validating.go:50.43,52.2 1 199
github.com/bgyss/c4/store/validating.go:54.42,56.18 2 198
github.com/bgyss/c4/store/validating.go:56.18,58.3 1 1
github.com/bgyss/c4/store/validating.go:59.2,59.12 1 197
github.com/bgyss/c4/store/validating.go:69.57,72.16 3 104
github.com/bgyss/c4/store/validating.go:72.16,74.3 1 102
github.com/bgyss/c4/store/validating.go:75.2,75.19 1 2
github.com/bgyss/c4/store/validating.go:75.19,76.19 1 1
github.com/bgyss/c4/store/validating.go:76.19,80.4 3 1
github.com/bgyss/c4/store/validating.go:82.2,82.15 1 1
github.com/bgyss/c4/store/validating.go:85.43,87.2 1 103
github.com/bgyss/c4/store/validating.go:89.42,91.18 2 102
github.com/bgyss/c4/store/validating.go:91.18,94.3 2 2
github.com/bgyss/c4/store/validating.go:95.2,95.12 1 100
github.com/bgyss/c4/store/validating.go:100.60,102.16 2 202
github.com/bgyss/c4/store/validating.go:102.16,104.3 1 3
github.com/bgyss/c4/store/validating.go:105.2,105.52 1 199
github.com/bgyss/c4/store/validating.go:111.63,113.16 2 103
github.com/bgyss/c4/store/validating.go:113.16,115.3 1 1
github.com/bgyss/c4/store/validating.go:116.2,116.64 1 102
github.com/bgyss/c4/store/validating.go:119.45,121.2 1 1
github.com/bgyss/c4/db/db.go:85.51,91.24 6 100000
github.com/bgyss/c4/db/db.go:91.24,95.3 3 10
github.com/bgyss/c4/db/db.go:98.26,99.9 1 100002
github.com/bgyss/c4/db/db.go:100.24,101.13 1 1
github.com/bgyss/c4/db/db.go:102.10,102.10 0 100001
github.com/bgyss/c4/db/db.go:104.2,104.12 1 100001
github.com/bgyss/c4/db/db.go:107.22,111.2 3 1
github.com/bgyss/c4/db/db.go:139.14,141.2 0 1
github.com/bgyss/c4/db/db.go:146.62,148.49 1 20
github.com/bgyss/c4/db/db.go:148.49,150.17 2 17
github.com/bgyss/c4/db/db.go:150.17,152.4 1 0
github.com/bgyss/c4/db/db.go:155.2,166.69 4 20
github.com/bgyss/c4/db/db.go:166.69,169.3 2 0
github.com/bgyss/c4/db/db.go:170.2,171.16 2 20
github.com/bgyss/c4/db/db.go:171.16,173.3 1 2
github.com/bgyss/c4/db/db.go:175.2,175.45 1 18
github.com/bgyss/c4/db/db.go:175.45,177.17 2 18
github.com/bgyss/c4/db/db.go:177.17,179.4 1 0
github.com/bgyss/c4/db/db.go:181.3,181.37 1 18
github.com/bgyss/c4/db/db.go:181.37,183.18 2 126
github.com/bgyss/c4/db/db.go:183.18,185.5 1 0
github.com/bgyss/c4/db/db.go:187.3,187.13 1 18
github.com/bgyss/c4/db/db.go:189.2,189.16 1 18
github.com/bgyss/c4/db/db.go:189.16,191.3 1 0
github.com/bgyss/c4/db/db.go:193.2,194.20 2 18
github.com/bgyss/c4/db/db.go:194.20,196.21 2 17
github.com/bgyss/c4/db/db.go:196.21,198.4 1 17
github.com/bgyss/c4/db/db.go:199.8,200.70 1 1
github.com/bgyss/c4/db/db.go:200.70,202.4 1 1
github.com/bgyss/c4/db/db.go:203.3,204.30 2 1
github.com/bgyss/c4/db/db.go:204.30,206.4 1 1
github.com/bgyss/c4/db/db.go:207.3,208.47 2 1
github.com/bgyss/c4/db/db.go:208.47,210.4 1 1
github.com/bgyss/c4/db/db.go:212.2,214.26 2 18
github.com/bgyss/c4/db/db.go:214.26,216.3 1 17
github.com/bgyss/c4/db/db.go:217.2,217.16 1 18
github.com/bgyss/c4/db/db.go:220.31,226.16 2 18
github.com/bgyss/c4/db/db.go:226.16,228.3 1 0
github.com/bgyss/c4/db/db.go:231.2,231.43 1 18
github.com/bgyss/c4/db/db.go:231.43,234.3 2 18
github.com/bgyss/c4/db/db.go:237.39,239.41 2 18
github.com/bgyss/c4/db/db.go:239.41,243.18 3 18
github.com/bgyss/c4/db/db.go:243.18,245.4 1 17
github.com/bgyss/c4/db/db.go:246.3,248.13 3 1
github.com/bgyss/c4/db/db.go:250.2,250.13 1 18
github.com/bgyss/c4/db/db.go:253.29,255.2 1 19
github.com/bgyss/c4/db/db.go:265.30,267.44 2 5
github.com/bgyss/c4/db/db.go:267.44,276.27 9 4
github.com/bgyss/c4/db/db.go:276.27,279.21 2 1
github.com/bgyss/c4/db/db.go:279.21,281.5 1 1
github.com/bgyss/c4/db/db.go:300.3,300.13 1 4
github.com/bgyss/c4/db/db.go:302.2,302.16 1 5
github.com/bgyss/c4/db/db.go:302.16,304.3 1 1
github.com/bgyss/c4/db/db.go:306.2,306.12 1 4
github.com/bgyss/c4/db/db.go:311.71,313.46 2 1016
github.com/bgyss/c4/db/db.go:313.46,318.17 5 1016
github.com/bgyss/c4/db/db.go:318.17,320.4 1 1
github.com/bgyss/c4/db/db.go:322.3,325.17 4 1015
github.com/bgyss/c4/db/db.go:325.17,327.4 1 1
github.com/bgyss/c4/db/db.go:329.3,329.18 1 1014
github.com/bgyss/c4/db/db.go:329.18,334.18 5 1
github.com/bgyss/c4/db/db.go:334.18,336.5 1 0
github.com/bgyss/c4/db/db.go:339.3,339.13 1 1014
github.com/bgyss/c4/db/db.go:341.2,341.16 1 1016
github.com/bgyss/c4/db/db.go:341.16,343.3 1 2
github.com/bgyss/c4/db/db.go:344.2,344.22 1 1014
github.com/bgyss/c4/db/db.go:347.50,349.41 2 3
github.com/bgyss/c4/db/db.go:349.41,353.87 2 3
github.com/bgyss/c4/db/db.go:353.87,355.4 1 2
github.com/bgyss/c4/db/db.go:356.3,356.13 1 3
github.com/bgyss/c4/db/db.go:358.2,358.13 1 3
github.com/bgyss/c4/db/db.go:361.53,363.44 2 3
github.com/bgyss/c4/db/db.go:363.44,365.18 2 2
github.com/bgyss/c4/db/db.go:365.18,368.4 2 1
github.com/bgyss/c4/db/db.go:369.3,369.13 1 2
github.com/bgyss/c4/db/db.go:371.2,371.16 1 3
github.com/bgyss/c4/db/db.go:371.16,373.3 1 1
github.com/bgyss/c4/db/db.go:374.2,374.19 1 2
github.com/bgyss/c4/db/db.go:377.56,379.46 2 3
github.com/bgyss/c4/db/db.go:379.46,383.18 4 2
github.com/bgyss/c4/db/db.go:383.18,385.4 1 1
github.com/bgyss/c4/db/db.go:386.3,391.23 5 1
github.com/bgyss/c4/db/db.go:393.2,393.16 1 3
github.com/bgyss/c4/db/db.go:393.16,395.3 1 1
github.com/bgyss/c4/db/db.go:396.2,396.19 1 2
github.com/bgyss/c4/db/db.go:416.34,417.15 1 15
github.com/bgyss/c4/db/db.go:417.15,419.3 1 15
github.com/bgyss/c4/db/db.go:420.2,420.11 1 15
github.com/bgyss/c4/db/db.go:423.30,429.2 3 1051
github.com/bgyss/c4/db/db.go:431.35,435.2 3 1001
github.com/bgyss/c4/db/db.go:437.25,439.2 1 1061
github.com/bgyss/c4/db/db.go:441.36,445.2 3 7
github.com/bgyss/c4/db/db.go:447.36,451.2 3 5
github.com/bgyss/c4/db/db.go:454.42,458.2 3 4
github.com/bgyss/c4/db/db.go:460.29,462.2 1 1058
github.com/bgyss/c4/db/db.go:464.24,465.15 1 5
github.com/bgyss/c4/db/db.go:465.15,467.3 1 5
github.com/bgyss/c4/db/db.go:468.2,468.13 1 5
github.com/bgyss/c4/db/db.go:472.26,474.3 1 111
github.com/bgyss/c4/db/db.go:477.60,480.12 3 5
github.com/bgyss/c4/db/db.go:480.12,481.16 1 5
github.com/bgyss/c4/db/db.go:481.16,484.4 2 5
github.com/bgyss/c4/db/db.go:486.3,486.42 1 5
github.com/bgyss/c4/db/db.go:486.42,490.42 2 5
github.com/bgyss/c4/db/db.go:490.42,492.89 2 5
github.com/bgyss/c4/db/db.go:492.89,497.22 4 1053
github.com/bgyss/c4/db/db.go:497.22,499.7 1 1
github.com/bgyss/c4/db/db.go:500.6,502.13 2 1053
github.com/bgyss/c4/db/db.go:503.22,503.22 0 1052
github.com/bgyss/c4/db/db.go:504.18,505.17 1 1
github.com/bgyss/c4/db/db.go:510.4,510.14 1 4
github.com/bgyss/c4/db/db.go:513.2,513.12 1 5
github.com/bgyss/c4/db/db.go:520.73,522.43 2 5
github.com/bgyss/c4/db/db.go:522.43,526.37 3 5
github.com/bgyss/c4/db/db.go:526.37,528.4 1 1
github.com/bgyss/c4/db/db.go:530.3,531.17 2 4
github.com/bgyss/c4/db/db.go:531.17,533.4 1 1
github.com/bgyss/c4/db/db.go:534.3,535.13 2 3
github.com/bgyss/c4/db/db.go:537.2,537.17 1 5
github.com/bgyss/c4/db/db.go:543.64,545.27 2 3
github.com/bgyss/c4/db/db.go:545.27,546.44 1 1
github.com/bgyss/c4/db/db.go:546.44,550.53 3 1
github.com/bgyss/c4/db/db.go:550.53,552.19 2 950
github.com/bgyss/c4/db/db.go:552.19,554.6 1 0
github.com/bgyss/c4/db/db.go:555.5,555.12 1 950
github.com/bgyss/c4/db/db.go:557.4,557.14 1 1
github.com/bgyss/c4/db/db.go:561.2,561.41 1 3
github.com/bgyss/c4/db/db.go:561.41,562.47 1 2
github.com/bgyss/c4/db/db.go:562.47,568.88 4 1
github.com/bgyss/c4/db/db.go:568.88,570.19 2 50
github.com/bgyss/c4/db/db.go:570.19,572.6 1 0
github.com/bgyss/c4/db/db.go:573.5,573.12 1 50
github.com/bgyss/c4/db/db.go:576.4,576.14 1 1
github.com/bgyss/c4/db/db.go:578.3,578.17 1 2
github.com/bgyss/c4/db/db.go:578.17,580.4 1 1
github.com/bgyss/c4/db/db.go:584.2,584.19 1 2
github.com/bgyss/c4/db/db.go:591.90,593.22 1 12
github.com/bgyss/c4/db/db.go:593.22,595.3 1 1
github.com/bgyss/c4/db/db.go:596.2,599.46 3 11
github.com/bgyss/c4/db/db.go:599.46,602.26 2 11
github.com/bgyss/c4/db/db.go:602.26,605.18 3 12
github.com/bgyss/c4/db/db.go:605.18,607.5 1 0
github.com/bgyss/c4/db/db.go:609.3,609.13 1 11
github.com/bgyss/c4/db/db.go:613.75,617.12 3 3
github.com/bgyss/c4/db/db.go:617.12,618.16 1 3
github.com/bgyss/c4/db/db.go:618.16,621.4 2 3
github.com/bgyss/c4/db/db.go:622.3,622.42 1 3
github.com/bgyss/c4/db/db.go:622.42,625.88 2 3
github.com/bgyss/c4/db/db.go:625.88,626.34 1 4
github.com/bgyss/c4/db/db.go:626.34,627.14 1 1
github.com/bgyss/c4/db/db.go:629.5,635.12 6 3
github.com/bgyss/c4/db/db.go:636.21,636.21 0 2
github.com/bgyss/c4/db/db.go:637.17,638.16 1 1
github.com/bgyss/c4/db/db.go:642.4,642.14 1 2
github.com/bgyss/c4/db/db.go:645.2,645.12 1 3
github.com/bgyss/c4/db/db.go:648.100,651.22 2 2
github.com/bgyss/c4/db/db.go:651.22,653.3 1 1
github.com/bgyss/c4/db/db.go:654.2,656.25 3 1
github.com/bgyss/c4/db/db.go:656.25,658.47 2 1
github.com/bgyss/c4/db/db.go:658.47,661.85 3 1
github.com/bgyss/c4/db/db.go:661.85,662.34 1 1
github.com/bgyss/c4/db/db.go:662.34,664.20 2 1
github.com/bgyss/c4/db/db.go:664.20,666.7 1 0
github.com/bgyss/c4/db/db.go:667.6,667.9 1 1
github.com/bgyss/c4/db/db.go:670.4,670.14 1 1
github.com/bgyss/c4/db/db.go:672.3,672.17 1 1
github.com/bgyss/c4/db/db.go:672.17,674.4 1 0
github.com/bgyss/c4/db/db.go:677.2,677.15 1 1
github.com/bgyss/c4/db/db.go:681.61,685.12 3 7
github.com/bgyss/c4/db/db.go:685.12,686.16 1 7
github.com/bgyss/c4/db/db.go:686.16,689.4 2 7
github.com/bgyss/c4/db/db.go:690.3,690.24 1 7
github.com/bgyss/c4/db/db.go:690.24,691.43 1 4
github.com/bgyss/c4/db/db.go:691.43,694.54 2 4
github.com/bgyss/c4/db/db.go:694.54,710.13 12 5
github.com/bgyss/c4/db/db.go:711.22,711.22 0 4
github.com/bgyss/c4/db/db.go:712.18,713.17 1 1
github.com/bgyss/c4/db/db.go:717.5,717.15 1 3
github.com/bgyss/c4/db/db.go:720.3,720.34 1 7
github.com/bgyss/c4/db/db.go:720.34,721.43 1 3
github.com/bgyss/c4/db/db.go:721.43,724.89 2 3
github.com/bgyss/c4/db/db.go:724.89,740.13 12 4
github.com/bgyss/c4/db/db.go:741.22,741.22 0 3
github.com/bgyss/c4/db/db.go:742.18,743.17 1 1
github.com/bgyss/c4/db/db.go:747.5,747.15 1 2
github.com/bgyss/c4/db/db.go:752.2,752.12 1 7
github.com/bgyss/c4/db/db.go:755.64,757.23 2 4
github.com/bgyss/c4/db/db.go:757.23,758.44 1 2
github.com/bgyss/c4/db/db.go:758.44,762.53 3 2
github.com/bgyss/c4/db/db.go:762.53,764.19 2 1
github.com/bgyss/c4/db/db.go:764.19,766.6 1 0
github.com/bgyss/c4/db/db.go:767.5,767.12 1 1
github.com/bgyss/c4/db/db.go:769.4,769.14 1 2
github.com/bgyss/c4/db/db.go:773.2,773.33 1 4
github.com/bgyss/c4/db/db.go:773.33,774.47 1 2
github.com/bgyss/c4/db/db.go:774.47,779.88 3 2
github.com/bgyss/c4/db/db.go:779.88,781.19 2 1
github.com/bgyss/c4/db/db.go:781.19,783.6 1 0
github.com/bgyss/c4/db/db.go:784.5,784.12 1 1
github.com/bgyss/c4/db/db.go:787.4,787.14 1 2
github.com/bgyss/c4/db/db.go:789.3,789.17 1 2
github.com/bgyss/c4/db/db.go:789.17,791.4 1 0
github.com/bgyss/c4/db/db.go:795.2,795.19 1 4
github.com/bgyss/c4/db/db.go:798.44,800.16 2 5
github.com/bgyss/c4/db/db.go:800.16,802.3 1 1
github.com/bgyss/c4/db/db.go:803.2,803.56 1 4
github.com/bgyss/c4/db/db.go:803.56,804.47 1 2
github.com/bgyss/c4/db/db.go:804.47,807.4 2 2
github.com/bgyss/c4/db/db.go:809.2,810.16 2 2
github.com/bgyss/c4/db/db.go:810.16,812.3 1 1
github.com/bgyss/c4/db/db.go:814.2,816.46 2 1
github.com/bgyss/c4/db/db.go:816.46,819.17 3 1
github.com/bgyss/c4/db/db.go:819.17,821.4 1 0
github.com/bgyss/c4/db/db.go:822.3,823.37 2 1
github.com/bgyss/c4/db/db.go:827.64,830.44 3 8
github.com/bgyss/c4/db/db.go:830.44,833.18 3 8
github.com/bgyss/c4/db/db.go:833.18,835.4 1 1
github.com/bgyss/c4/db/db.go:836.3,836.22 1 7
github.com/bgyss/c4/db/db.go:836.22,839.24 3 5
github.com/bgyss/c4/db/db.go:839.24,841.5 1 5
github.com/bgyss/c4/db/db.go:842.4,842.14 1 5
github.com/bgyss/c4/db/db.go:844.3,846.13 3 2
github.com/bgyss/c4/db/db.go:848.2,848.19 1 8
github.com/bgyss/c4/db/db.go:848.19,851.40 2 5
github.com/bgyss/c4/db/db.go:851.40,853.4 1 1
github.com/bgyss/c4/db/db.go:856.3,857.41 2 4
github.com/bgyss/c4/db/db.go:857.41,859.18 2 4
github.com/bgyss/c4/db/db.go:859.18,860.13 1 0
github.com/bgyss/c4/db/db.go:862.4,863.18 2 4
github.com/bgyss/c4/db/db.go:863.18,864.13 1 0
github.com/bgyss/c4/db/db.go:866.4,867.30 1 4
github.com/bgyss/c4/db/db.go:867.30,869.10 2 3
github.com/bgyss/c4/db/db.go:872.3,872.17 1 4
github.com/bgyss/c4/db/db.go:872.17,874.4 1 1
github.com/bgyss/c4/db/db.go:876.3,877.17 2 3
github.com/bgyss/c4/db/db.go:877.17,879.4 1 2
github.com/bgyss/c4/db/db.go:880.3,881.33 2 1
github.com/bgyss/c4/db/db.go:883.2,883.18 1 4
github.com/bgyss/c4/db/db.go:886.48,887.46 1 1
github.com/bgyss/c4/db/db.go:887.46,890.3 2 1
github.com/bgyss/c4/db/db.go:893.42,903.12 6 1
github.com/bgyss/c4/db/db.go:903.12,904.32 1 1
github.com/bgyss/c4/db/db.go:904.32,905.44 1 11
github.com/bgyss/c4/db/db.go:905.44,908.26 3 10
github.com/bgyss/c4/db/db.go:908.26,911.20 3 100000
github.com/bgyss/c4/db/db.go:911.20,913.7 1 0
github.com/bgyss/c4/db/db.go:914.6,916.20 3 100000
github.com/bgyss/c4/db/db.go:916.20,918.7 1 0
github.com/bgyss/c4/db/db.go:920.6,920.21 1 100000
github.com/bgyss/c4/db/db.go:920.21,923.21 3 0
github.com/bgyss/c4/db/db.go:923.21,925.8 1 0
github.com/bgyss/c4/db/db.go:927.6,929.20 2 100000
github.com/bgyss/c4/db/db.go:929.20,930.14 1 0
github.com/bgyss/c4/db/db.go:931.27,931.27 0 0
github.com/bgyss/c4/db/db.go:932.15,932.15 0 0
github.com/bgyss/c4/db/db.go:936.5,936.15 1 10
github.com/bgyss/c4/db/db.go:941.2,943.11 2 1
github.com/bgyss/c4/db/db.go:943.12,944.3 0 0
github.com/bgyss/c4/db/db.go:946.2,946.11 1 1
github.com/bgyss/c4/db/db.go:953.85,959.29 3 8
github.com/bgyss/c4/db/db.go:959.29,962.50 1 10
github.com/bgyss/c4/db/db.go:962.50,964.4 1 2
github.com/bgyss/c4/db/db.go:967.3,971.53 3 8
github.com/bgyss/c4/db/db.go:971.53,973.39 1 1
github.com/bgyss/c4/db/db.go:973.39,975.5 1 1
github.com/bgyss/c4/db/db.go:978.3,978.48 1 7
github.com/bgyss/c4/db/db.go:982.2,985.34 2 5
github.com/bgyss/c4/db/db.go:985.34,988.40 2 6
github.com/bgyss/c4/db/db.go:988.40,989.12 1 1
github.com/bgyss/c4/db/db.go:992.3,994.17 3 5
github.com/bgyss/c4/db/db.go:994.17,996.4 1 1
github.com/bgyss/c4/db/db.go:997.3,998.17 2 4
github.com/bgyss/c4/db/db.go:998.17,999.12 1 1
github.com/bgyss/c4/db/db.go:1001.3,1003.19 3 3
github.com/bgyss/c4/db/db.go:1007.2,1007.16 1 1
github.com/bgyss/c4/db/db.go:1020.54,1022.2 1 7
github.com/bgyss/c4/db/db.go:1031.52,1033.2 1 2
github.com/bgyss/c4/db/db.go:1055.53,1057.2 1 1
github.com/bgyss/c4/db/db.go:1059.29,1061.31 2 6
github.com/bgyss/c4/db/db.go:1061.31,1063.13 2 12
github.com/bgyss/c4/db/db.go:1063.13,1065.4 1 5
github.com/bgyss/c4/db/db.go:1070.32,1071.12 1 113
github.com/bgyss/c4/db/db.go:1071.12,1073.3 1 1
github.com/bgyss/c4/db/db.go:1074.2,1086.20 5 112
github.com/bgyss/c4/cmd/c4/flags.go:23.13,28.22 2 1
github.com/bgyss/c4/cmd/c4/flags.go:28.22,31.3 2 0
github.com/bgyss/c4/cmd/c4/flags.go:32.2,40.162 7 1
github.com/bgyss/c4/cmd/c4/id.go:14.35,17.16 3 10
github.com/bgyss/c4/cmd/c4/id.go:17.16,18.13 1 0
github.com/bgyss/c4/cmd/c4/id.go:20.2,20.15 1 10
github.com/bgyss/c4/cmd/c4/id.go:23.38,27.16 3 9
github.com/bgyss/c4/cmd/c4/id.go:27.16,30.3 2 1
github.com/bgyss/c4/cmd/c4/id.go:31.2,33.8 3 8
github.com/bgyss/c4/cmd/c4/id.go:36.22,40.2 3 3
github.com/bgyss/c4/cmd/c4/id.go:42.25,43.42 1 3
github.com/bgyss/c4/cmd/c4/id.go:43.42,45.3 1 0
github.com/bgyss/c4/cmd/c4/id.go:45.8,47.3 1 3
github.com/bgyss/c4/cmd/c4/main.go:28.13,37.2 8 1
github.com/bgyss/c4/cmd/c4/main.go:39.29,41.2 1 3
github.com/bgyss/c4/cmd/c4/main.go:43.13,46.18 3 4
github.com/bgyss/c4/cmd/c4/main.go:46.18,49.3 2 1
github.com/bgyss/c4/cmd/c4/main.go:51.2,51.25 1 3
github.com/bgyss/c4/cmd/c4/main.go:51.25,53.3 1 1
github.com/bgyss/c4/cmd/c4/main.go:53.8,53.82 1 2
github.com/bgyss/c4/cmd/c4/main.go:53.82,55.3 1 1
github.com/bgyss/c4/cmd/c4/main.go:55.8,57.3 1 1
github.com/bgyss/c4/cmd/c4/main.go:58.2,58.15 1 3
github.com/bgyss/c4/cmd/c4/main.go:61.22,63.44 2 2
github.com/bgyss/c4/cmd/c4/main.go:63.44,66.3 2 1
github.com/bgyss/c4/cmd/c4/main.go:66.8,68.3 1 1
github.com/bgyss/c4/cmd/c4/main.go:71.37,73.16 2 2
github.com/bgyss/c4/cmd/c4/main.go:73.16,76.3 2 1
github.com/bgyss/c4/cmd/c4/main.go:77.2,78.13 2 1
github.com/bgyss/c4/cmd/c4/main.go:81.41,82.33 1 3
github.com/bgyss/c4/cmd/c4/main.go:82.33,84.17 2 4
github.com/bgyss/c4/cmd/c4/main.go:84.17,87.4 2 1
github.com/bgyss/c4/cmd/c4/main.go:88.3,88.16 1 3
github.com/bgyss/c4/cmd/c4/main.go:88.16,90.4 1 1
github.com/bgyss/c4/cmd/c4/main.go:91.3,91.34 1 3
github.com/bgyss/c4/cmd/c4/output.go:8.98,9.33 1 6
github.com/bgyss/c4/cmd/c4/output.go:9.33,12.3 2 2
github.com/bgyss/c4/cmd/c4/output.go:12.8,15.3 2 4
github.com/bgyss/c4/cmd/c4/output.go:16.2,17.29 2 6
github.com/bgyss/c4/cmd/c4/output.go:17.29,19.3 1 5
github.com/bgyss/c4/cmd/c4/output.go:19.8,21.3 1 1
github.com/bgyss/c4/cmd/c4/output.go:22.2,22.27 1 6
github.com/bgyss/c4/cmd/c4/output.go:22.27,24.3 1 4
github.com/bgyss/c4/cmd/c4/output.go:24.8,26.21 2 2
github.com/bgyss/c4/cmd/c4/output.go:26.21,28.4 1 1
github.com/bgyss/c4/cmd/c4/output.go:29.3,29.44 1 2
github.com/bgyss/c4/cmd/c4/output.go:31.2,31.45 1 6
github.com/bgyss/c4/cmd/c4/output.go:34.55,39.20 4 10
github.com/bgyss/c4/cmd/c4/output.go:39.20,41.3 1 3
github.com/bgyss/c4/cmd/c4/output.go:42.2,42.18 1 10
github.com/bgyss/c4/cmd/c4/output.go:42.18,44.3 1 2
github.com/bgyss/c4/cmd/c4/output.go:44.8,45.34 1 8
github.com/bgyss/c4/cmd/c4/output.go:45.34,47.4 1 1
github.com/bgyss/c4/cmd/c4/output.go:47.9,49.4 1 7
github.com/bgyss/c4/cmd/c4/walker.go:11.57,14.16 3 15
github.com/bgyss/c4/cmd/c4/walker.go:14.16,17.3 2 1
github.com/bgyss/c4/cmd/c4/walker.go:19.2,25.13 6 14
github.com/bgyss/c4/cmd/c4/walker.go:28.83,30.16 2 13
github.com/bgyss/c4/cmd/c4/walker.go:30.16,33.3 2 1
github.com/bgyss/c4/cmd/c4/walker.go:35.2,36.28 2 12
github.com/bgyss/c4/cmd/c4/walker.go:36.28,38.3 1 0
github.com/bgyss/c4/cmd/c4/walker.go:38.8,38.48 1 11
github.com/bgyss/c4/cmd/c4/walker.go:38.48,42.3 3 1
github.com/bgyss/c4/cmd/c4/walker.go:42.8,42.33 1 10
github.com/bgyss/c4/cmd/c4/walker.go:42.33,44.17 2 2
github.com/bgyss/c4/cmd/c4/walker.go:44.17,48.4 3 1
github.com/bgyss/c4/cmd/c4/walker.go:48.9,53.4 4 1
github.com/bgyss/c4/cmd/c4/walker.go:54.8,55.29 1 8
github.com/bgyss/c4/cmd/c4/walker.go:55.29,57.18 2 1
github.com/bgyss/c4/cmd/c4/walker.go:57.18,60.5 2 0
github.com/bgyss/c4/cmd/c4/walker.go:61.4,62.31 2 1
github.com/bgyss/c4/cmd/c4/walker.go:62.31,65.5 2 1
github.com/bgyss/c4/cmd/c4/walker.go:66.4,66.22 1 1
github.com/bgyss/c4/cmd/c4/walker.go:67.9,69.4 1 7
github.com/bgyss/c4/cmd/c4/walker.go:71.2,72.34 2 11
github.com/bgyss/c4/cmd/c4/walker.go:72.34,74.3 1 6
github.com/bgyss/c4/cmd/c4/walker.go:75.2,75.8 1 11
